  1) description

  0 passing
  1 failing

  1) description:

      AssertionError [ERR_ASSERTION]: 0 == 1
