  suite
    sub-suite
      âœ“ description

  1 passing
