  ✓ a
  ✓ b
  suite
    ✓ c
    ✓ d
    sub-suite
      ✓ e

  5 passing
