  suite
    ✓ a
    ✓ b
    ✓ c
    sub-suite
      ✓ a
      ✓ b
      ✓ c

  6 passing
