  1) a
  âœ“ b

  1 passing
  1 failing

  1) a:

      AssertionError [ERR_ASSERTION]: 1 == 0
